21:07:41 **** Build of configuration Debug for project new ****
make all 
Building file: ../src/helloworld.c
Invoking: MicroBlaze gcc compiler
mb-gcc -Wall -O0 -g3 -c -fmessage-length=0 -I../../new_bsp/microblaze_0/include -mlittle-endian -mxl-barrel-shift -mno-xl-soft-div -mcpu=v9.3 -mno-xl-soft-mul -mhard-float -Wl,--no-relax -ffunction-sections -fdata-sections -MMD -MP -MF"src/helloworld.d" -MT"src/helloworld.d" -o "src/helloworld.o" "../src/helloworld.c"
../src/helloworld.c: In function 'main':
../src/helloworld.c:449:11: warning: unused variable 'm' [-Wunused-variable]
     int l,m;
           ^
../src/helloworld.c: At top level:
../src/helloworld.c:69:22: warning: 'g_vga_dispay_buffer' defined but not used [-Wunused-variable]
 static unsigned int *g_vga_dispay_buffer;
                      ^
Finished building: ../src/helloworld.c
 
Building file: ../src/platform.c
Invoking: MicroBlaze gcc compiler
mb-gcc -Wall -O0 -g3 -c -fmessage-length=0 -I../../new_bsp/microblaze_0/include -mlittle-endian -mxl-barrel-shift -mno-xl-soft-div -mcpu=v9.3 -mno-xl-soft-mul -mhard-float -Wl,--no-relax -ffunction-sections -fdata-sections -MMD -MP -MF"src/platform.d" -MT"src/platform.d" -o "src/platform.o" "../src/platform.c"
Finished building: ../src/platform.c
 
Building target: new.elf
Invoking: MicroBlaze gcc linker
mb-gcc -Wl,-T -Wl,../src/lscript.ld -L../../new_bsp/microblaze_0/lib -mlittle-endian -mxl-barrel-shift -mno-xl-soft-div -mcpu=v9.3 -mno-xl-soft-mul -mhard-float -Wl,--no-relax -Wl,--gc-sections -o "new.elf"  ./src/helloworld.o ./src/platform.o   -Wl,--start-group,-lxil,-lgcc,-lc,--end-group
Finished building target: new.elf
 
Invoking: MicroBlaze Print Size
mb-size new.elf  |tee "new.elf.size"
   text	   data	    bss	    dec	    hex	filename
  11688	    488	  12112	  24288	   5ee0	new.elf
Finished building: new.elf.size
 

21:07:41 Build Finished (took 483ms)

