#-----------------------------------------------------------
# Vivado v2014.1 (64-bit)
# SW Build 881834 on Fri Apr  4 14:15:54 MDT 2014
# IP Build 877625 on Fri Mar 28 16:29:15 MDT 2014
# Start of session at: Fri Apr 03 16:56:59 2015
# Process ID: 7140
# Log file: C:/Users/Hardik/Desktop/FinalDesign/ov7670_marker_tracker_use/vivado.log
# Journal file: C:/Users/Hardik/Desktop/FinalDesign/ov7670_marker_tracker_use\vivado.jou
#-----------------------------------------------------------
start_gui
open_project {C:\Users\Hardik\Desktop\FinalDesign\ov7670_marker_tracker_use\ov7670_marker_tracker_use.xpr}
set_param project.boardPartRepoPaths C:/Users/Hardik/Desktop/vivado_projects/ddrtutorial/board_repository/
open_run impl_1
export_hardware [get_files C:/Users/Hardik/Desktop/FinalDesign/ov7670_marker_tracker_use/ov7670_marker_tracker_use.srcs/sources_1/bd/design_1/design_1.bd] [get_runs impl_1] -bitstream
open_bd_design {C:/Users/Hardik/Desktop/FinalDesign/ov7670_marker_tracker_use/ov7670_marker_tracker_use.srcs/sources_1/bd/design_1/design_1.bd}
export_hardware [get_files C:/Users/Hardik/Desktop/FinalDesign/ov7670_marker_tracker_use/ov7670_marker_tracker_use.srcs/sources_1/bd/design_1/design_1.bd] [get_runs impl_1] -bitstream
launch_sdk -bit C:/Users/Hardik/Desktop/FinalDesign/ov7670_marker_tracker_use/ov7670_marker_tracker_use.sdk/SDK/SDK_Export/hw/design_1_wrapper.bit -bmm C:/Users/Hardik/Desktop/FinalDesign/ov7670_marker_tracker_use/ov7670_marker_tracker_use.sdk/SDK/SDK_Export/hw/design_1_wrapper_bd.bmm -workspace C:/Users/Hardik/Desktop/FinalDesign/ov7670_marker_tracker_use/ov7670_marker_tracker_use.sdk/SDK/SDK_Export -hwspec C:/Users/Hardik/Desktop/FinalDesign/ov7670_marker_tracker_use/ov7670_marker_tracker_use.sdk/SDK/SDK_Export/hw/design_1.xml
connect_hw_server -host localhost -port 60001 -url localhost:3121
open_hw
